Archive member included to satisfy reference by file (symbol)

D:/st-stm32cubeide_1.19.0_25607_20250703_0907_x86_64.exe/workspace/STM32CubeIDE_1.19.0/STM32CubeIDE/plugins/com.st.stm32cube.ide.mcu.externaltools.gnu-tools-for-stm32.13.3.rel1.win32_1.0.0.202411081344/tools/bin/../lib/gcc/arm-none-eabi/13.3.1/../../../../arm-none-eabi/lib/thumb/v7e-m+fp/hard\libc_nano.a(libc_a-exit.o)
                              D:/st-stm32cubeide_1.19.0_25607_20250703_0907_x86_64.exe/workspace/STM32CubeIDE_1.19.0/STM32CubeIDE/plugins/com.st.stm32cube.ide.mcu.externaltools.gnu-tools-for-stm32.13.3.rel1.win32_1.0.0.202411081344/tools/bin/../lib/gcc/arm-none-eabi/13.3.1/../../../../arm-none-eabi/lib/thumb/v7e-m+fp/hard/crt0.o (exit)
D:/st-stm32cubeide_1.19.0_25607_20250703_0907_x86_64.exe/workspace/STM32CubeIDE_1.19.0/STM32CubeIDE/plugins/com.st.stm32cube.ide.mcu.externaltools.gnu-tools-for-stm32.13.3.rel1.win32_1.0.0.202411081344/tools/bin/../lib/gcc/arm-none-eabi/13.3.1/../../../../arm-none-eabi/lib/thumb/v7e-m+fp/hard\libc_nano.a(libc_a-findfp.o)
                              D:/st-stm32cubeide_1.19.0_25607_20250703_0907_x86_64.exe/workspace/STM32CubeIDE_1.19.0/STM32CubeIDE/plugins/com.st.stm32cube.ide.mcu.externaltools.gnu-tools-for-stm32.13.3.rel1.win32_1.0.0.202411081344/tools/bin/../lib/gcc/arm-none-eabi/13.3.1/../../../../arm-none-eabi/lib/thumb/v7e-m+fp/hard\libc_nano.a(libc_a-exit.o) (__stdio_exit_handler)
D:/st-stm32cubeide_1.19.0_25607_20250703_0907_x86_64.exe/workspace/STM32CubeIDE_1.19.0/STM32CubeIDE/plugins/com.st.stm32cube.ide.mcu.externaltools.gnu-tools-for-stm32.13.3.rel1.win32_1.0.0.202411081344/tools/bin/../lib/gcc/arm-none-eabi/13.3.1/../../../../arm-none-eabi/lib/thumb/v7e-m+fp/hard\libc_nano.a(libc_a-fwalk.o)
                              D:/st-stm32cubeide_1.19.0_25607_20250703_0907_x86_64.exe/workspace/STM32CubeIDE_1.19.0/STM32CubeIDE/plugins/com.st.stm32cube.ide.mcu.externaltools.gnu-tools-for-stm32.13.3.rel1.win32_1.0.0.202411081344/tools/bin/../lib/gcc/arm-none-eabi/13.3.1/../../../../arm-none-eabi/lib/thumb/v7e-m+fp/hard\libc_nano.a(libc_a-findfp.o) (_fwalk_sglue)
D:/st-stm32cubeide_1.19.0_25607_20250703_0907_x86_64.exe/workspace/STM32CubeIDE_1.19.0/STM32CubeIDE/plugins/com.st.stm32cube.ide.mcu.externaltools.gnu-tools-for-stm32.13.3.rel1.win32_1.0.0.202411081344/tools/bin/../lib/gcc/arm-none-eabi/13.3.1/../../../../arm-none-eabi/lib/thumb/v7e-m+fp/hard\libc_nano.a(libc_a-sprintf.o)
                              ./Src/main.o (sprintf)
D:/st-stm32cubeide_1.19.0_25607_20250703_0907_x86_64.exe/workspace/STM32CubeIDE_1.19.0/STM32CubeIDE/plugins/com.st.stm32cube.ide.mcu.externaltools.gnu-tools-for-stm32.13.3.rel1.win32_1.0.0.202411081344/tools/bin/../lib/gcc/arm-none-eabi/13.3.1/../../../../arm-none-eabi/lib/thumb/v7e-m+fp/hard\libc_nano.a(libc_a-stdio.o)
                              D:/st-stm32cubeide_1.19.0_25607_20250703_0907_x86_64.exe/workspace/STM32CubeIDE_1.19.0/STM32CubeIDE/plugins/com.st.stm32cube.ide.mcu.externaltools.gnu-tools-for-stm32.13.3.rel1.win32_1.0.0.202411081344/tools/bin/../lib/gcc/arm-none-eabi/13.3.1/../../../../arm-none-eabi/lib/thumb/v7e-m+fp/hard\libc_nano.a(libc_a-findfp.o) (__sread)
D:/st-stm32cubeide_1.19.0_25607_20250703_0907_x86_64.exe/workspace/STM32CubeIDE_1.19.0/STM32CubeIDE/plugins/com.st.stm32cube.ide.mcu.externaltools.gnu-tools-for-stm32.13.3.rel1.win32_1.0.0.202411081344/tools/bin/../lib/gcc/arm-none-eabi/13.3.1/../../../../arm-none-eabi/lib/thumb/v7e-m+fp/hard\libc_nano.a(libc_a-memset.o)
                              D:/st-stm32cubeide_1.19.0_25607_20250703_0907_x86_64.exe/workspace/STM32CubeIDE_1.19.0/STM32CubeIDE/plugins/com.st.stm32cube.ide.mcu.externaltools.gnu-tools-for-stm32.13.3.rel1.win32_1.0.0.202411081344/tools/bin/../lib/gcc/arm-none-eabi/13.3.1/../../../../arm-none-eabi/lib/thumb/v7e-m+fp/hard/crt0.o (memset)
D:/st-stm32cubeide_1.19.0_25607_20250703_0907_x86_64.exe/workspace/STM32CubeIDE_1.19.0/STM32CubeIDE/plugins/com.st.stm32cube.ide.mcu.externaltools.gnu-tools-for-stm32.13.3.rel1.win32_1.0.0.202411081344/tools/bin/../lib/gcc/arm-none-eabi/13.3.1/../../../../arm-none-eabi/lib/thumb/v7e-m+fp/hard\libc_nano.a(libc_a-closer.o)
                              D:/st-stm32cubeide_1.19.0_25607_20250703_0907_x86_64.exe/workspace/STM32CubeIDE_1.19.0/STM32CubeIDE/plugins/com.st.stm32cube.ide.mcu.externaltools.gnu-tools-for-stm32.13.3.rel1.win32_1.0.0.202411081344/tools/bin/../lib/gcc/arm-none-eabi/13.3.1/../../../../arm-none-eabi/lib/thumb/v7e-m+fp/hard\libc_nano.a(libc_a-stdio.o) (_close_r)
D:/st-stm32cubeide_1.19.0_25607_20250703_0907_x86_64.exe/workspace/STM32CubeIDE_1.19.0/STM32CubeIDE/plugins/com.st.stm32cube.ide.mcu.externaltools.gnu-tools-for-stm32.13.3.rel1.win32_1.0.0.202411081344/tools/bin/../lib/gcc/arm-none-eabi/13.3.1/../../../../arm-none-eabi/lib/thumb/v7e-m+fp/hard\libc_nano.a(libc_a-reent.o)
[...]
Memory Configuration

Name             Origin             Length             Attributes
RAM              0x20000000         0x00010000         xrw
FLASH            0x08000000         0x00040000         xr
*default*        0x00000000         0xffffffff

Linker script and memory map

LOAD D:/st-stm32cubeide_1.19.0_25607_20250703_0907_x86_64.exe/workspace/STM32CubeIDE_1.19.0/STM32CubeIDE/plugins/com.st.stm32cube.ide.mcu.externaltools.gnu-tools-for-stm32.13.3.rel1.win32_1.0.0.202411081344/tools/bin/../lib/gcc/arm-none-eabi/13.3.1/thumb/v7e-m+fp/hard/crti.o
LOAD D:/st-stm32cubeide_1.19.0_25607_20250703_0907_x86_64.exe/workspace/STM32CubeIDE_1.19.0/STM32CubeIDE/plugins/com.st.stm32cube.ide.mcu.externaltools.gnu-tools-for-stm32.13.3.rel1.win32_1.0.0.202411081344/tools/bin/../lib/gcc/arm-none-eabi/13.3.1/thumb/v7e-m+fp/hard/crtbegin.o
LOAD D:/st-stm32cubeide_1.19.0_25607_20250703_0907_x86_64.exe/workspace/STM32CubeIDE_1.19.0/STM32CubeIDE/plugins/com.st.stm32cube.ide.mcu.externaltools.gnu-tools-for-stm32.13.3.rel1.win32_1.0.0.202411081344/tools/bin/../lib/gcc/arm-none-eabi/13.3.1/../../../../arm-none-eabi/lib/thumb/v7e-m+fp/hard/crt0.o
LOAD ./Src/HTFT_Program.o
LOAD ./Src/MADC_Program.o
LOAD ./Src/MGPIO_Program.o
LOAD ./Src/MRCC_Program.o
LOAD ./Src/MSPI_Program.o
LOAD ./Src/MSYSTIC_Program.o
LOAD ./Src/MUSART_Program.o
LOAD ./Src/main.o
LOAD ./Src/syscalls.o
LOAD ./Src/sysmem.o
LOAD ./Startup/startup_stm32f401ccux.o
START GROUP
LOAD D:/st-stm32cubeide_1.19.0_25607_20250703_0907_x86_64.exe/workspace/STM32CubeIDE_1.19.0/STM32CubeIDE/plugins/com.st.stm32cube.ide.mcu.externaltools.gnu-tools-for-stm32.13.3.rel1.win32_1.0.0.202411081344/tools/bin/../lib/gcc/arm-none-eabi/13.3.1/../../../../arm-none-eabi/lib/thumb/v7e-m+fp/hard\libc_nano.a
LOAD D:/st-stm32cubeide_1.19.0_25607_20250703_0907_x86_64.exe/workspace/STM32CubeIDE_1.19.0/STM32CubeIDE/plugins/com.st.stm32cube.ide.mcu.externaltools.gnu-tools-for-stm32.13.3.rel1.win32_1.0.0.202411081344/tools/bin/../lib/gcc/arm-none-eabi/13.3.1/../../../../arm-none-eabi/lib/thumb/v7e-m+fp/hard\libm.a
END GROUP
START GROUP
LOAD D:/st-stm32cubeide_1.19.0_25607_20250703_0907_x86_64.exe/workspace/STM32CubeIDE_1.19.0/STM32CubeIDE/plugins/com.st.stm32cube.ide.mcu.externaltools.gnu-tools-for-stm32.13.3.rel1.win32_1.0.0.202411081344/tools/bin/../lib/gcc/arm-none-eabi/13.3.1/thumb/v7e-m+fp/hard\libgcc.a
LOAD D:/st-stm32cubeide_1.19.0_25607_20250703_0907_x86_64.exe/workspace/STM32CubeIDE_1.19.0/STM32CubeIDE/plugins/com.st.stm32cube.ide.mcu.externaltools.gnu-tools-for-stm32.13.3.rel1.win32_1.0.0.202411081344/tools/bin/../lib/gcc/arm-none-eabi/13.3.1/../../../../arm-none-eabi/lib/thumb/v7e-m+fp/hard\libc_nano.a
END GROUP
START GROUP
LOAD D:/st-stm32cubeide_1.19.0_25607_20250703_0907_x86_64.exe/workspace/STM32CubeIDE_1.19.0/STM32CubeIDE/plugins/com.st.stm32cube.ide.mcu.externaltools.gnu-tools-for-stm32.13.3.rel1.win32_1.0.0.202411081344/tools/bin/../lib/gcc/arm-none-eabi/13.3.1/thumb/v7e-m+fp/hard\libgcc.a
LOAD D:/st-stm32cubeide_1.19.0_25607_20250703_0907_x86_64.exe/workspace/STM32CubeIDE_1.19.0/STM32CubeIDE/plugins/com.st.stm32cube.ide.mcu.externaltools.gnu-tools-for-stm32.13.3.rel1.win32_1.0.0.202411081344/tools/bin/../lib/gcc/arm-none-eabi/13.3.1/../../../../arm-none-eabi/lib/thumb/v7e-m+fp/hard\libc_nano.a
LOAD D:/st-stm32cubeide_1.19.0_25607_20250703_0907_x86_64.exe/workspace/STM32CubeIDE_1.19.0/STM32CubeIDE/plugins/com.st.stm32cube.ide.mcu.externaltools.gnu-tools-for-stm32.13.3.rel1.win32_1.0.0.202411081344/tools/bin/../lib/gcc/arm-none-eabi/13.3.1/../../../../arm-none-eabi/lib/thumb/v7e-m+fp/hard\libnosys.a
END GROUP
START GROUP
LOAD D:/st-stm32cubeide_1.19.0_25607_20250703_0907_x86_64.exe/workspace/STM32CubeIDE_1.19.0/STM32CubeIDE/plugins/com.st.stm32cube.ide.mcu.externaltools.gnu-tools-for-stm32.13.3.rel1.win32_1.0.0.202411081344/tools/bin/../lib/gcc/arm-none-eabi/13.3.1/thumb/v7e-m+fp/hard\libgcc.a
LOAD D:/st-stm32cubeide_1.19.0_25607_20250703_0907_x86_64.exe/workspace/STM32CubeIDE_1.19.0/STM32CubeIDE/plugins/com.st.stm32cube.ide.mcu.externaltools.gnu-tools-for-stm32.13.3.rel1.win32_1.0.0.202411081344/tools/bin/../lib/gcc/arm-none-eabi/13.3.1/../../../../arm-none-eabi/lib/thumb/v7e-m+fp/hard\libc_nano.a
LOAD D:/st-stm32cubeide_1.19.0_25607_20250703_0907_x86_64.exe/workspace/STM32CubeIDE_1.19.0/STM32CubeIDE/plugins/com.st.stm32cube.ide.mcu.externaltools.gnu-tools-for-stm32.13.3.rel1.win32_1.0.0.202411081344/tools/bin/../lib/gcc/arm-none-eabi/13.3.1/../../../../arm-none-eabi/lib/thumb/v7e-m+fp/hard\libnosys.a
END GROUP
LOAD D:/st-stm32cubeide_1.19.0_25607_20250703_0907_x86_64.exe/workspace/STM32CubeIDE_1.19.0/STM32CubeIDE/plugins/com.st.stm32cube.ide.mcu.externaltools.gnu-tools-for-stm32.13.3.rel1.win32_1.0.0.202411081344/tools/bin/../lib/gcc/arm-none-eabi/13.3.1/thumb/v7e-m+fp/hard/crtend.o
LOAD D:/st-stm32cubeide_1.19.0_25607_20250703_0907_x86_64.exe/workspace/STM32CubeIDE_1.19.0/STM32CubeIDE/plugins/com.st.stm32cube.ide.mcu.externaltools.gnu-tools-for-stm32.13.3.rel1.win32_1.0.0.202411081344/tools/bin/../lib/gcc/arm-none-eabi/13.3.1/thumb/v7e-m+fp/hard/crtn.o
                0x20010000                        _estack = (ORIGIN (RAM) + LENGTH (RAM))
                0x00000200                        _Min_Heap_Size = 0x200
                0x00000400                        _Min_Stack_Size = 0x400

.isr_vector     0x08000000      0x194
                0x08000000                        . = ALIGN (0x4)
 *(.isr_vector)
 .isr_vector    0x08000000      0x194 ./Startup/startup_stm32f401ccux.o
                0x08000000                g_pfnVectors
                0x08000194                        . = ALIGN (0x4)

.text           0x080001a0     0x205c
                0x080001a0                        . = ALIGN (0x4)
 *(.text)
 .text          0x080001a0       0x40 D:/st-stm32cubeide_1.19.0_25607_20250703_0907_x86_64.exe/workspace/STM32CubeIDE_1.19.0/STM32CubeIDE/plugins/com.st.stm32cube.ide.mcu.externaltools.gnu-tools-for-stm32.13.3.rel1.win32_1.0.0.202411081344/tools/bin/../lib/gcc/arm-none-eabi/13.3.1/thumb/v7e-m+fp/hard/crtbegin.o
 .text          0x080001e0       0xa0 D:/st-stm32cubeide_1.19.0_25607_20250703_0907_x86_64.exe/workspace/STM32CubeIDE_1.19.0/STM32CubeIDE/plugins/com.st.stm32cube.ide.mcu.externaltools.gnu-tools-for-stm32.13.3.rel1.win32_1.0.0.202411081344/tools/bin/../lib/gcc/arm-none-eabi/13.3.1/../../../../arm-none-eabi/lib/thumb/v7e-m+fp/hard\libc_nano.a(libc_a-memchr.o)
                0x080001e0                memchr
 .text          0x08000280      0x378 D:/st-stm32cubeide_1.19.0_25607_20250703_0907_x86_64.exe/workspace/STM32CubeIDE_1.19.0/STM32CubeIDE/plugins/com.st.stm32cube.ide.mcu.externaltools.gnu-tools-for-stm32.13.3.rel1.win32_1.0.0.202411081344/tools/bin/../lib/gcc/arm-none-eabi/13.3.1/thumb/v7e-m+fp/hard\libgcc.a(_arm_addsubdf3.o)
                0x08000280                __aeabi_drsub
                0x08000288                __aeabi_dsub
                0x08000288                __subdf3
                0x0800028c                __aeabi_dadd
                0x0800028c                __adddf3
                0x08000504                __floatunsidf
                0x08000504                __aeabi_ui2d
                0x08000524                __floatsidf
                0x08000524                __aeabi_i2d
                0x08000548                __aeabi_f2d
                0x08000548                __extendsfdf2
                0x0800058c                __floatundidf
                0x0800058c                __aeabi_ul2d
                0x0800059c                __floatdidf
                0x0800059c                __aeabi_l2d
 .text          0x080005f8      0x424 D:/st-stm32cubeide_1.19.0_25607_20250703_0907_x86_64.exe/workspace/STM32CubeIDE_1.19.0/STM32CubeIDE/plugins/com.st.stm32cube.ide.mcu.externaltools.gnu-tools-for-stm32.13.3.rel1.win32_1.0.0.202411081344/tools/bin/../lib/gcc/arm-none-eabi/13.3.1/thumb/v7e-m+fp/hard\libgcc.a(_arm_muldivdf3.o)
                0x080005f8                __aeabi_dmul
                0x080005f8                __muldf3
                0x0800084c                __divdf3
                0x0800084c                __aeabi_ddiv
 .text          0x08000a1c       0x40 D:/st-stm32cubeide_1.19.0_25607_20250703_0907_x86_64.exe/workspace/STM32CubeIDE_1.19.0/STM32CubeIDE/plugins/com.st.stm32cube.ide.mcu.externaltools.gnu-tools-for-stm32.13.3.rel1.win32_1.0.0.202411081344/tools/bin/../lib/gcc/arm-none-eabi/13.3.1/thumb/v7e-m+fp/hard\libgcc.a(_arm_fixunsdfsi.o)
                0x08000a1c                __aeabi_d2uiz
                0x08000a1c                __fixunsdfsi
 *(.text*)
 .text.HTFT_voidInit
                0x08000a5c       0xa2 ./Src/HTFT_Program.o
                0x08000a5c                HTFT_voidInit
 .text.HTFT_voidWriteData
                0x08000afe       0x26 ./Src/HTFT_Program.o
 .text.HTFT_voidWriteCommand
                0x08000b24       0x26 ./Src/HTFT_Program.o
 .text.HTFT_voidDisplay
                0x08000b4a       0x94 ./Src/HTFT_Program.o
                0x08000b4a                HTFT_voidDisplay
 *fill*         0x08000bde        0x2 
 .text.MADC1_voidInit
                0x08000be0       0x50 ./Src/MADC_Program.o
                0x08000be0                MADC1_voidInit
 .text.MADC1_u16ReadChannel
                0x08000c30       0x5c ./Src/MADC_Program.o
                0x08000c30                MADC1_u16ReadChannel
 .text.MGPIO_void_SetPinMode
                0x08000c8c       0xe0 ./Src/MGPIO_Program.o
                0x08000c8c                MGPIO_void_SetPinMode
 .text.MGPIO_void_OutputConfig
                0x08000d6c      0x170 ./Src/MGPIO_Program.o
                0x08000d6c                MGPIO_void_OutputConfig
 .text.MGPIO_void_WritePinValue
                0x08000edc       0xd4 ./Src/MGPIO_Program.o
                0x08000edc                MGPIO_void_WritePinValue
 .text.MGPIO_void_SetAtomicPinValue
                0x08000fb0       0x9c ./Src/MGPIO_Program.o
                0x08000fb0                MGPIO_void_SetAtomicPinValue
 .text.MGPIO_void_AltFunConfig
                0x0800104c      0x1bc ./Src/MGPIO_Program.o
                0x0800104c                MGPIO_void_AltFunConfig
 .text.MRCC_Init
                0x08001208       0x44 ./Src/MRCC_Program.o
                0x08001208                MRCC_Init
 .text.MRCC_EnablePeripheral
                0x0800124c       0x98 ./Src/MRCC_Program.o
                0x0800124c                MRCC_EnablePeripheral
 .text.MSPI_voidMasterInit
                0x080012e4       0x74 ./Src/MSPI_Program.o
                0x080012e4                MSPI_voidMasterInit
 .text.MSPI_u16Tranceive
                0x08001358       0x44 ./Src/MSPI_Program.o
                0x08001358                MSPI_u16Tranceive
 .text.MSTK_voidInit
                0x0800139c       0x2c ./Src/MSYSTIC_Program.o
                0x0800139c                MSTK_voidInit
 .text.MSTK_voidStartTimer
                0x080013c8       0x30 ./Src/MSYSTIC_Program.o
                0x080013c8                MSTK_voidStartTimer
 .text.MSTK_voidCtrlIntState
                0x080013f8       0x28 ./Src/MSYSTIC_Program.o
                0x080013f8                MSTK_voidCtrlIntState
 .text.MSTK_u8ReadFlag
                0x08001420       0x20 ./Src/MSYSTIC_Program.o
                0x08001420                MSTK_u8ReadFlag
 .text.MSTK_voidDelayms
                0x08001440       0x44 ./Src/MSYSTIC_Program.o
                0x08001440                MSTK_voidDelayms
 .text.MSTK_voidDelayus
                0x08001484       0x3c ./Src/MSYSTIC_Program.o
                0x08001484                MSTK_voidDelayus
 .text.SysTick_Handler
                0x080014c0       0x30 ./Src/MSYSTIC_Program.o
                0x080014c0                SysTick_Handler
 .text.MUSART1_voidInit
                0x080014f0       0x58 ./Src/MUSART_Program.o
                0x080014f0                MUSART1_voidInit
 .text.MUSART1_voidSendData
                0x08001548       0x30 ./Src/MUSART_Program.o
                0x08001548                MUSART1_voidSendData
 .text.MUSART1_voidSendString
                0x08001578       0x38 ./Src/MUSART_Program.o
                0x08001578                MUSART1_voidSendString
 .text.Convert_ADCValue_To_Temperature
                0x080015b0       0x74 ./Src/main.o
                0x080015b0                Convert_ADCValue_To_Temperature
 .text.main     0x08001624      0x1d0 ./Src/main.o
                0x08001624                main
 .text._sbrk    0x080017f4       0x6c ./Src/sysmem.o
                0x080017f4                _sbrk
 .text.Reset_Handler
                0x08001860       0x50 ./Startup/startup_stm32f401ccux.o
                0x08001860                Reset_Handler
 .text.Default_Handler
                0x080018b0        0x2 ./Startup/startup_stm32f401ccux.o
                0x080018b0                EXTI2_IRQHandler
                0x080018b0                DebugMon_Handler
                0x080018b0                SPI4_IRQHandler
                0x080018b0                TIM1_CC_IRQHandler
                0x080018b0                DMA2_Stream5_IRQHandler
                0x080018b0                HardFault_Handler
                0x080018b0                DMA1_Stream5_IRQHandler
                0x080018b0                SDIO_IRQHandler
                0x080018b0                TAMP_STAMP_IRQHandler
                0x080018b0                PendSV_Handler
                0x080018b0                NMI_Handler
                0x080018b0                EXTI3_IRQHandler
                0x080018b0                TIM1_UP_TIM10_IRQHandler
                0x080018b0                I2C3_ER_IRQHandler
                0x080018b0                EXTI18_OTG_FS_WKUP_IRQHandler
                0x080018b0                EXTI0_IRQHandler
                0x080018b0                I2C2_EV_IRQHandler
                0x080018b0                DMA1_Stream2_IRQHandler
                0x080018b0                UsageFault_Handler
                0x080018b0                DMA2_Stream2_IRQHandler
                0x080018b0                SPI1_IRQHandler
                0x080018b0                TIM1_BRK_TIM9_IRQHandler
                0x080018b0                DMA2_Stream3_IRQHandler
                0x080018b0                USART6_IRQHandler
                0x080018b0                DMA2_Stream0_IRQHandler
                0x080018b0                TIM4_IRQHandler
                0x080018b0                I2C1_EV_IRQHandler
                0x080018b0                DMA1_Stream6_IRQHandler
                0x080018b0                DMA1_Stream1_IRQHandler
                0x080018b0                TIM3_IRQHandler
                0x080018b0                RCC_IRQHandler
                0x080018b0                Default_Handler
                0x080018b0                EXTI15_10_IRQHandler
                0x080018b0                ADC_IRQHandler
                0x080018b0                DMA1_Stream7_IRQHandler
                0x080018b0                TIM5_IRQHandler
                0x080018b0                DMA2_Stream7_IRQHandler
                0x080018b0                I2C3_EV_IRQHandler
                0x080018b0                EXTI9_5_IRQHandler
                0x080018b0                SPI2_IRQHandler
                0x080018b0                MemManage_Handler
                0x080018b0                DMA1_Stream0_IRQHandler
                0x080018b0                SVC_Handler
                0x080018b0                EXTI4_IRQHandler
                0x080018b0                EXTI22_RTC_WKUP_IRQHandler
                0x080018b0                TIM2_IRQHandler
                0x080018b0                EXTI16_PVD_IRQHandler
                0x080018b0                TIM1_TRG_COM_TIM11_IRQHandler
                0x080018b0                EXTI1_IRQHandler
                0x080018b0                EXTI17_RTC_Alarm_IRQHandler
                0x080018b0                USART2_IRQHandler
                0x080018b0                I2C2_ER_IRQHandler
                0x080018b0                DMA2_Stream1_IRQHandler
                0x080018b0                FLASH_IRQHandler
                0x080018b0                DMA2_Stream4_IRQHandler
                0x080018b0                BusFault_Handler
                0x080018b0                USART1_IRQHandler
                0x080018b0                OTG_FS_IRQHandler
                0x080018b0                SPI3_IRQHandler
                0x080018b0                DMA1_Stream4_IRQHandler
                0x080018b0                I2C1_ER_IRQHandler
                0x080018b0                DMA2_Stream6_IRQHandler
                0x080018b0                DMA1_Stream3_IRQHandler
 *fill*         0x080018b2        0x2 
 .text.sprintf  0x080018b4       0x44 D:/st-stm32cubeide_1.19.0_25607_20250703_0907_x86_64.exe/workspace/STM32CubeIDE_1.19.0/STM32CubeIDE/plugins/com.st.stm32cube.ide.mcu.externaltools.gnu-tools-for-stm32.13.3.rel1.win32_1.0.0.202411081344/tools/bin/../lib/gcc/arm-none-eabi/13.3.1/../../../../arm-none-eabi/lib/thumb/v7e-m+fp/hard\libc_nano.a(libc_a-sprintf.o)
                0x080018b4                siprintf
                0x080018b4                sprintf
 .text.__errno  0x080018f8        0xc D:/st-stm32cubeide_1.19.0_25607_20250703_0907_x86_64.exe/workspace/STM32CubeIDE_1.19.0/STM32CubeIDE/plugins/com.st.stm32cube.ide.mcu.externaltools.gnu-tools-for-stm32.13.3.rel1.win32_1.0.0.202411081344/tools/bin/../lib/gcc/arm-none-eabi/13.3.1/../../../../arm-none-eabi/lib/thumb/v7e-m+fp/hard\libc_nano.a(libc_a-errno.o)
                0x080018f8                __errno
 .text.__libc_init_array
                0x08001904       0x48 D:/st-stm32cubeide_1.19.0_25607_20250703_0907_x86_64.exe/workspace/STM32CubeIDE_1.19.0/STM32CubeIDE/plugins/com.st.stm32cube.ide.mcu.externaltools.gnu-tools-for-stm32.13.3.rel1.win32_1.0.0.202411081344/tools/bin/../lib/gcc/arm-none-eabi/13.3.1/../../../../arm-none-eabi/lib/thumb/v7e-m+fp/hard\libc_nano.a(libc_a-init.o)
                0x08001904                __libc_init_array
 .text.__retarget_lock_acquire_recursive
                0x0800194c        0x2 D:/st-stm32cubeide_1.19.0_25607_20250703_0907_x86_64.exe/workspace/STM32CubeIDE_1.19.0/STM32CubeIDE/plugins/com.st.stm32cube.ide.mcu.externaltools.gnu-tools-for-stm32.13.3.rel1.win32_1.0.0.202411081344/tools/bin/../lib/gcc/arm-none-eabi/13.3.1/../../../../arm-none-eabi/lib/thumb/v7e-m+fp/hard\libc_nano.a(libc_a-lock.o)
                0x0800194c                __retarget_lock_acquire_recursive
 .text.__retarget_lock_release_recursive
                0x0800194e        0x2 D:/st-stm32cubeide_1.19.0_25607_20250703_0907_x86_64.exe/workspace/STM32CubeIDE_1.19.0/STM32CubeIDE/plugins/com.st.stm32cube.ide.mcu.externaltools.gnu-tools-for-stm32.13.3.rel1.win32_1.0.0.202411081344/tools/bin/../lib/gcc/arm-none-eabi/13.3.1/../../../../arm-none-eabi/lib/thumb/v7e-m+fp/hard\libc_nano.a(libc_a-lock.o)
                0x0800194e                __retarget_lock_release_recursive
 .text._free_r  0x08001950       0x94 D:/st-stm32cubeide_1.19.0_25607_20250703_0907_x86_64.exe/workspace/STM32CubeIDE_1.19.0/STM32CubeIDE/plugins/com.st.stm32cube.ide.mcu.externaltools.gnu-tools-for-stm32.13.3.rel1.win32_1.0.0.202411081344/tools/bin/../lib/gcc/arm-none-eabi/13.3.1/../../../../arm-none-eabi/lib/thumb/v7e-m+fp/hard\libc_nano.a(libc_a-freer.o)
                0x08001950                _free_r
 .text.sbrk_aligned
                0x080019e4       0x44 D:/st-stm32cubeide_1.19.0_25607_20250703_0907_x86_64.exe/workspace/STM32CubeIDE_1.19.0/STM32CubeIDE/plugins/com.st.stm32cube.ide.mcu.externaltools.gnu-tools-for-stm32.13.3.rel1.win32_1.0.0.202411081344/tools/bin/../lib/gcc/arm-none-eabi/13.3.1/../../../../arm-none-eabi/lib/thumb/v7e-m+fp/hard\libc_nano.a(libc_a-mallocr.o)
 .text._malloc_r
                0x08001a28      0x100 D:/st-stm32cubeide_1.19.0_25607_20250703_0907_x86_64.exe/workspace/STM32CubeIDE_1.19.0/STM32CubeIDE/plugins/com.st.stm32cube.ide.mcu.externaltools.gnu-tools-for-stm32.13.3.rel1.win32_1.0.0.202411081344/tools/bin/../lib/gcc/arm-none-eabi/13.3.1/../../../../arm-none-eabi/lib/thumb/v7e-m+fp/hard\libc_nano.a(libc_a-mallocr.o)
                0x08001a28                _malloc_r
 .text.__malloc_lock
                0x08001b28        0xc D:/st-stm32cubeide_1.19.0_25607_20250703_0907_x86_64.exe/workspace/STM32CubeIDE_1.19.0/STM32CubeIDE/plugins/com.st.stm32cube.ide.mcu.externaltools.gnu-tools-for-stm32.13.3.rel1.win32_1.0.0.202411081344/tools/bin/../lib/gcc/arm-none-eabi/13.3.1/../../../../arm-none-eabi/lib/thumb/v7e-m+fp/hard\libc_nano.a(libc_a-mlock.o)
                0x08001b28                __malloc_lock
 .text.__malloc_unlock
                0x08001b34        0xc D:/st-stm32cubeide_1.19.0_25607_20250703_0907_x86_64.exe/workspace/STM32CubeIDE_1.19.0/STM32CubeIDE/plugins/com.st.stm32cube.ide.mcu.externaltools.gnu-tools-for-stm32.13.3.rel1.win32_1.0.0.202411081344/tools/bin/../lib/gcc/arm-none-eabi/13.3.1/../../../../arm-none-eabi/lib/thumb/v7e-m+fp/hard\libc_nano.a(libc_a-mlock.o)
                0x08001b34                __malloc_unlock
 .text.__ssputs_r
                0x08001b40       0xb6 D:/st-stm32cubeide_1.19.0_25607_20250703_0907_x86_64.exe/workspace/STM32CubeIDE_1.19.0/STM32CubeIDE/plugins/com.st.stm32cube.ide.mcu.externaltools.gnu-tools-for-stm32.13.3.rel1.win32_1.0.0.202411081344/tools/bin/../lib/gcc/arm-none-eabi/13.3.1/../../../../arm-none-eabi/lib/thumb/v7e-m+fp/hard\libc_nano.a(libc_a-nano-svfprintf.o)
                0x08001b40                __ssputs_r
 *fill*         0x08001bf6        0x2 
 .text._svfprintf_r
                0x08001bf8      0x1f8 D:/st-stm32cubeide_1.19.0_25607_20250703_0907_x86_64.exe/workspace/STM32CubeIDE_1.19.0/STM32CubeIDE/plugins/com.st.stm32cube.ide.mcu.externaltools.gnu-tools-for-stm32.13.3.rel1.win32_1.0.0.202411081344/tools/bin/../lib/gcc/arm-none-eabi/13.3.1/../../../../arm-none-eabi/lib/thumb/v7e-m+fp/hard\libc_nano.a(libc_a-nano-svfprintf.o)
                0x08001bf8                _svfiprintf_r
                0x08001bf8                _svfprintf_r
 .text._printf_common
                0x08001df0       0xda D:/st-stm32cubeide_1.19.0_25607_20250703_0907_x86_64.exe/workspace/STM32CubeIDE_1.19.0/STM32CubeIDE/plugins/com.st.stm32cube.ide.mcu.externaltools.gnu-tools-for-stm32.13.3.rel1.win32_1.0.0.202411081344/tools/bin/../lib/gcc/arm-none-eabi/13.3.1/../../../../arm-none-eabi/lib/thumb/v7e-m+fp/hard\libc_nano.a(libc_a-nano-vfprintf_i.o)
                0x08001df0                _printf_common
 *fill*         0x08001eca        0x2 
 .text._printf_i
                0x08001ecc      0x23c D:/st-stm32cubeide_1.19.0_25607_20250703_0907_x86_64.exe/workspace/STM32CubeIDE_1.19.0/STM32CubeIDE/plugins/com.st.stm32cube.ide.mcu.externaltools.gnu-tools-for-stm32.13.3.rel1.win32_1.0.0.202411081344/tools/bin/../lib/gcc/arm-none-eabi/13.3.1/../../../../arm-none-eabi/lib/thumb/v7e-m+fp/hard\libc_nano.a(libc_a-nano-vfprintf_i.o)
                0x08001ecc                _printf_i
 .text.memmove  0x08002108       0x34 D:/st-stm32cubeide_1.19.0_25607_20250703_0907_x86_64.exe/workspace/STM32CubeIDE_1.19.0/STM32CubeIDE/plugins/com.st.stm32cube.ide.mcu.externaltools.gnu-tools-for-stm32.13.3.rel1.win32_1.0.0.202411081344/tools/bin/../lib/gcc/arm-none-eabi/13.3.1/../../../../arm-none-eabi/lib/thumb/v7e-m+fp/hard\libc_nano.a(libc_a-memmove.o)
                0x08002108                memmove
 .text._sbrk_r  0x0800213c       0x20 D:/st-stm32cubeide_1.19.0_25607_20250703_0907_x86_64.exe/workspace/STM32CubeIDE_1.19.0/STM32CubeIDE/plugins/com.st.stm32cube.ide.mcu.externaltools.gnu-tools-for-stm32.13.3.rel1.win32_1.0.0.202411081344/tools/bin/../lib/gcc/arm-none-eabi/13.3.1/../../../../arm-none-eabi/lib/thumb/v7e-m+fp/hard\libc_nano.a(libc_a-sbrkr.o)
                0x0800213c                _sbrk_r
 .text.memcpy   0x0800215c       0x1c D:/st-stm32cubeide_1.19.0_25607_20250703_0907_x86_64.exe/workspace/STM32CubeIDE_1.19.0/STM32CubeIDE/plugins/com.st.stm32cube.ide.mcu.externaltools.gnu-tools-for-stm32.13.3.rel1.win32_1.0.0.202411081344/tools/bin/../lib/gcc/arm-none-eabi/13.3.1/../../../../arm-none-eabi/lib/thumb/v7e-m+fp/hard\libc_nano.a(libc_a-memcpy-stub.o)
                0x0800215c                memcpy
 .text._realloc_r
                0x08002178       0x5c D:/st-stm32cubeide_1.19.0_25607_20250703_0907_x86_64.exe/workspace/STM32CubeIDE_1.19.0/STM32CubeIDE/plugins/com.st.stm32cube.ide.mcu.externaltools.gnu-tools-for-stm32.13.3.rel1.win32_1.0.0.202411081344/tools/bin/../lib/gcc/arm-none-eabi/13.3.1/../../../../arm-none-eabi/lib/thumb/v7e-m+fp/hard\libc_nano.a(libc_a-reallocr.o)
                0x08002178                _realloc_r
 .text._malloc_usable_size_r
                0x080021d4       0x10 D:/st-stm32cubeide_1.19.0_25607_20250703_0907_x86_64.exe/workspace/STM32CubeIDE_1.19.0/STM32CubeIDE/plugins/com.st.stm32cube.ide.mcu.externaltools.gnu-tools-for-stm32.13.3.rel1.win32_1.0.0.202411081344/tools/bin/../lib/gcc/arm-none-eabi/13.3.1/../../../../arm-none-eabi/lib/thumb/v7e-m+fp/hard\libc_nano.a(libc_a-msizer.o)
                0x080021d4                _malloc_usable_size_r
 *(.glue_7)
 .glue_7        0x080021e4        0x0 linker stubs
 *(.glue_7t)
 .glue_7t       0x080021e4        0x0 linker stubs
 *(.eh_frame)
 .eh_frame      0x080021e4        0x0 D:/st-stm32cubeide_1.19.0_25607_20250703_0907_x86_64.exe/workspace/STM32CubeIDE_1.19.0/STM32CubeIDE/plugins/com.st.stm32cube.ide.mcu.externaltools.gnu-tools-for-stm32.13.3.rel1.win32_1.0.0.202411081344/tools/bin/../lib/gcc/arm-none-eabi/13.3.1/thumb/v7e-m+fp/hard/crtbegin.o
 *(.init)
 .init          0x080021e4        0x4 D:/st-stm32cubeide_1.19.0_25607_20250703_0907_x86_64.exe/workspace/STM32CubeIDE_1.19.0/STM32CubeIDE/plugins/com.st.stm32cube.ide.mcu.externaltools.gnu-tools-for-stm32.13.3.rel1.win32_1.0.0.202411081344/tools/bin/../lib/gcc/arm-none-eabi/13.3.1/thumb/v7e-m+fp/hard/crti.o
                0x080021e4                _init
 .init          0x080021e8        0x8 D:/st-stm32cubeide_1.19.0_25607_20250703_0907_x86_64.exe/workspace/STM32CubeIDE_1.19.0/STM32CubeIDE/plugins/com.st.stm32cube.ide.mcu.externaltools.gnu-tools-for-stm32.13.3.rel1.win32_1.0.0.202411081344/tools/bin/../lib/gcc/arm-none-eabi/13.3.1/thumb/v7e-m+fp/hard/crtn.o
 *(.fini)
 .fini          0x080021f0        0x4 D:/st-stm32cubeide_1.19.0_25607_20250703_0907_x86_64.exe/workspace/STM32CubeIDE_1.19.0/STM32CubeIDE/plugins/com.st.stm32cube.ide.mcu.externaltools.gnu-tools-for-stm32.13.3.rel1.win32_1.0.0.202411081344/tools/bin/../lib/gcc/arm-none-eabi/13.3.1/thumb/v7e-m+fp/hard/crti.o
                0x080021f0                _fini
 .fini          0x080021f4        0x8 D:/st-stm32cubeide_1.19.0_25607_20250703_0907_x86_64.exe/workspace/STM32CubeIDE_1.19.0/STM32CubeIDE/plugins/com.st.stm32cube.ide.mcu.externaltools.gnu-tools-for-stm32.13.3.rel1.win32_1.0.0.202411081344/tools/bin/../lib/gcc/arm-none-eabi/13.3.1/thumb/v7e-m+fp/hard/crtn.o
                0x080021fc                        . = ALIGN (0x4)
                0x080021fc                        _etext = .

.vfp11_veneer   0x080021fc        0x0
 .vfp11_veneer  0x080021fc        0x0 linker stubs

.v4_bx          0x080021fc        0x0
 .v4_bx         0x080021fc        0x0 linker stubs

.iplt           0x080021fc        0x0
 .iplt          0x080021fc        0x0 D:/st-stm32cubeide_1.19.0_25607_20250703_0907_x86_64.exe/workspace/STM32CubeIDE_1.19.0/STM32CubeIDE/plugins/com.st.stm32cube.ide.mcu.externaltools.gnu-tools-for-stm32.13.3.rel1.win32_1.0.0.202411081344/tools/bin/../lib/gcc/arm-none-eabi/13.3.1/thumb/v7e-m+fp/hard/crtbegin.o

.rodata         0x080021fc    0x1e058
                0x080021fc                        . = ALIGN (0x4)
 *(.rodata)
 .rodata        0x080021fc       0x22 ./Src/main.o
 *(.rodata*)
 *fill*         0x0800221e        0x2 
 .rodata.Image_Cold
                0x08002220     0xa000 ./Src/main.o
                0x08002220                Image_Cold
 .rodata.Image_Hot
                0x0800c220     0xa000 ./Src/main.o
                0x0800c220                Image_Hot
 .rodata.Image_Warm
                0x08016220     0xa000 ./Src/main.o
                0x08016220                Image_Warm
 .rodata._svfprintf_r.str1.1
                0x08020220       0x33 D:/st-stm32cubeide_1.19.0_25607_20250703_0907_x86_64.exe/workspace/STM32CubeIDE_1.19.0/STM32CubeIDE/plugins/com.st.stm32cube.ide.mcu.externaltools.gnu-tools-for-stm32.13.3.rel1.win32_1.0.0.202411081344/tools/bin/../lib/gcc/arm-none-eabi/13.3.1/../../../../arm-none-eabi/lib/thumb/v7e-m+fp/hard\libc_nano.a(libc_a-nano-svfprintf.o)
                                 0x11 (size before relaxing)
 .rodata._printf_i.str1.1
                0x08020253       0x22 D:/st-stm32cubeide_1.19.0_25607_20250703_0907_x86_64.exe/workspace/STM32CubeIDE_1.19.0/STM32CubeIDE/plugins/com.st.stm32cube.ide.mcu.externaltools.gnu-tools-for-stm32.13.3.rel1.win32_1.0.0.202411081344/tools/bin/../lib/gcc/arm-none-eabi/13.3.1/../../../../arm-none-eabi/lib/thumb/v7e-m+fp/hard\libc_nano.a(libc_a-nano-vfprintf_i.o)
                0x08020278                        . = ALIGN (0x4)
 *fill*         0x08020253        0x1 

.ARM.extab      0x08020254        0x0
                0x08020254                        . = ALIGN (0x4)
 *(.ARM.extab* .gnu.linkonce.armextab.*)
                0x08020254                        . = ALIGN (0x4)

.ARM            0x08020254        0x8
                0x08020254                        . = ALIGN (0x4)
                0x08020254                        __exidx_start = .
 *(.ARM.exidx*)
 .ARM.exidx     0x08020254        0x8 D:/st-stm32cubeide_1.19.0_25607_20250703_0907_x86_64.exe/workspace/STM32CubeIDE_1.19.0/STM32CubeIDE/plugins/com.st.stm32cube.ide.mcu.externaltools.gnu-tools-for-stm32.13.3.rel1.win32_1.0.0.202411081344/tools/bin/../lib/gcc/arm-none-eabi/13.3.1/../../../../arm-none-eabi/lib/thumb/v7e-m+fp/hard\libc_nano.a(libc_a-memchr.o)
                0x0802025c                        __exidx_end = .
                0x0802025c                        . = ALIGN (0x4)

.preinit_array  0x0802025c        0x0
                0x0802025c                        . = ALIGN (0x4)
                0x0802025c                        PROVIDE (__preinit_array_start = .)
 *(.preinit_array*)
                0x0802025c                        PROVIDE (__preinit_array_end = .)
                0x0802025c                        . = ALIGN (0x4)

.init_array     0x0802025c        0x4
                0x0802025c                        . = ALIGN (0x4)
                0x0802025c                        PROVIDE (__init_array_start = .)
 *(SORT_BY_NAME(.init_array.*))
 *(.init_array*)
 .init_array    0x0802025c        0x4 D:/st-stm32cubeide_1.19.0_25607_20250703_0907_x86_64.exe/workspace/STM32CubeIDE_1.19.0/STM32CubeIDE/plugins/com.st.stm32cube.ide.mcu.externaltools.gnu-tools-for-stm32.13.3.rel1.win32_1.0.0.202411081344/tools/bin/../lib/gcc/arm-none-eabi/13.3.1/thumb/v7e-m+fp/hard/crtbegin.o
                0x08020260                        PROVIDE (__init_array_end = .)
                0x08020260                        . = ALIGN (0x4)

.fini_array     0x08020260        0x4
                0x08020260                        . = ALIGN (0x4)
                [!provide]                        PROVIDE (__fini_array_start = .)
 *(SORT_BY_NAME(.fini_array.*))
 *(.fini_array*)
 .fini_array    0x08020260        0x4 D:/st-stm32cubeide_1.19.0_25607_20250703_0907_x86_64.exe/workspace/STM32CubeIDE_1.19.0/STM32CubeIDE/plugins/com.st.stm32cube.ide.mcu.externaltools.gnu-tools-for-stm32.13.3.rel1.win32_1.0.0.202411081344/tools/bin/../lib/gcc/arm-none-eabi/13.3.1/thumb/v7e-m+fp/hard/crtbegin.o
                [!provide]                        PROVIDE (__fini_array_end = .)
                0x08020264                        . = ALIGN (0x4)
                0x08020264                        _sidata = LOADADDR (.data)

.rel.dyn        0x08020264        0x0
 .rel.iplt      0x08020264        0x0 D:/st-stm32cubeide_1.19.0_25607_20250703_0907_x86_64.exe/workspace/STM32CubeIDE_1.19.0/STM32CubeIDE/plugins/com.st.stm32cube.ide.mcu.externaltools.gnu-tools-for-stm32.13.3.rel1.win32_1.0.0.202411081344/tools/bin/../lib/gcc/arm-none-eabi/13.3.1/thumb/v7e-m+fp/hard/crtbegin.o

.data           0x20000000     0xa050 load address 0x08020264
                0x20000000                        . = ALIGN (0x4)
                0x20000000                        _sdata = .
 *(.data)
 *(.data*)
 .data.Image_Project
                0x20000000     0xa000 ./Src/main.o
                0x20000000                Image_Project
 .data._impure_ptr
                0x2000a000        0x4 D:/st-stm32cubeide_1.19.0_25607_20250703_0907_x86_64.exe/workspace/STM32CubeIDE_1.19.0/STM32CubeIDE/plugins/com.st.stm32cube.ide.mcu.externaltools.gnu-tools-for-stm32.13.3.rel1.win32_1.0.0.202411081344/tools/bin/../lib/gcc/arm-none-eabi/13.3.1/../../../../arm-none-eabi/lib/thumb/v7e-m+fp/hard\libc_nano.a(libc_a-impure.o)
                0x2000a000                _impure_ptr
 .data._impure_data
                0x2000a004       0x4c D:/st-stm32cubeide_1.19.0_25607_20250703_0907_x86_64.exe/workspace/STM32CubeIDE_1.19.0/STM32CubeIDE/plugins/com.st.stm32cube.ide.mcu.externaltools.gnu-tools-for-stm32.13.3.rel1.win32_1.0.0.202411081344/tools/bin/../lib/gcc/arm-none-eabi/13.3.1/../../../../arm-none-eabi/lib/thumb/v7e-m+fp/hard\libc_nano.a(libc_a-impure.o)
                0x2000a004                _impure_data
 *(.RamFunc)
 *(.RamFunc*)
                0x2000a050                        . = ALIGN (0x4)
                0x2000a050                        _edata = .

.igot.plt       0x2000a050        0x0 load address 0x0802a2b4
 .igot.plt      0x2000a050        0x0 D:/st-stm32cubeide_1.19.0_25607_20250703_0907_x86_64.exe/workspace/STM32CubeIDE_1.19.0/STM32CubeIDE/plugins/com.st.stm32cube.ide.mcu.externaltools.gnu-tools-for-stm32.13.3.rel1.win32_1.0.0.202411081344/tools/bin/../lib/gcc/arm-none-eabi/13.3.1/thumb/v7e-m+fp/hard/crtbegin.o
                0x2000a050                        . = ALIGN (0x4)

.bss            0x2000a050      0x170 load address 0x0802a2b4
                0x2000a050                        _sbss = .
                0x2000a050                        __bss_start__ = _sbss
 *(.bss)
 .bss           0x2000a050       0x1c D:/st-stm32cubeide_1.19.0_25607_20250703_0907_x86_64.exe/workspace/STM32CubeIDE_1.19.0/STM32CubeIDE/plugins/com.st.stm32cube.ide.mcu.externaltools.gnu-tools-for-stm32.13.3.rel1.win32_1.0.0.202411081344/tools/bin/../lib/gcc/arm-none-eabi/13.3.1/thumb/v7e-m+fp/hard/crtbegin.o
 *(.bss*)
 .bss.Global_ptr
                0x2000a06c        0x4 ./Src/MSYSTIC_Program.o
 .bss.flag      0x2000a070        0x1 ./Src/MSYSTIC_Program.o
 *fill*         0x2000a071        0x3 
 .bss.__sbrk_heap_end
                0x2000a074        0x4 ./Src/sysmem.o
 .bss.__sf      0x2000a078      0x138 D:/st-stm32cubeide_1.19.0_25607_20250703_0907_x86_64.exe/workspace/STM32CubeIDE_1.19.0/STM32CubeIDE/plugins/com.st.stm32cube.ide.mcu.externaltools.gnu-tools-for-stm32.13.3.rel1.win32_1.0.0.202411081344/tools/bin/../lib/gcc/arm-none-eabi/13.3.1/../../../../arm-none-eabi/lib/thumb/v7e-m+fp/hard\libc_nano.a(libc_a-findfp.o)
                0x2000a078                __sf
 .bss.errno     0x2000a1b0        0x4 D:/st-stm32cubeide_1.19.0_25607_20250703_0907_x86_64.exe/workspace/STM32CubeIDE_1.19.0/STM32CubeIDE/plugins/com.st.stm32cube.ide.mcu.externaltools.gnu-tools-for-stm32.13.3.rel1.win32_1.0.0.202411081344/tools/bin/../lib/gcc/arm-none-eabi/13.3.1/../../../../arm-none-eabi/lib/thumb/v7e-m+fp/hard\libc_nano.a(libc_a-reent.o)
                0x2000a1b0                errno
 .bss.__lock___malloc_recursive_mutex
                0x2000a1b4        0x1 D:/st-stm32cubeide_1.19.0_25607_20250703_0907_x86_64.exe/workspace/STM32CubeIDE_1.19.0/STM32CubeIDE/plugins/com.st.stm32cube.ide.mcu.externaltools.gnu-tools-for-stm32.13.3.rel1.win32_1.0.0.202411081344/tools/bin/../lib/gcc/arm-none-eabi/13.3.1/../../../../arm-none-eabi/lib/thumb/v7e-m+fp/hard\libc_nano.a(libc_a-lock.o)
                0x2000a1b4                __lock___malloc_recursive_mutex
 *fill*         0x2000a1b5        0x3 
 .bss.__malloc_sbrk_start
                0x2000a1b8        0x4 D:/st-stm32cubeide_1.19.0_25607_20250703_0907_x86_64.exe/workspace/STM32CubeIDE_1.19.0/STM32CubeIDE/plugins/com.st.stm32cube.ide.mcu.externaltools.gnu-tools-for-stm32.13.3.rel1.win32_1.0.0.202411081344/tools/bin/../lib/gcc/arm-none-eabi/13.3.1/../../../../arm-none-eabi/lib/thumb/v7e-m+fp/hard\libc_nano.a(libc_a-mallocr.o)
                0x2000a1b8                __malloc_sbrk_start
 .bss.__malloc_free_list
                0x2000a1bc        0x4 D:/st-stm32cubeide_1.19.0_25607_20250703_0907_x86_64.exe/workspace/STM32CubeIDE_1.19.0/STM32CubeIDE/plugins/com.st.stm32cube.ide.mcu.externaltools.gnu-tools-for-stm32.13.3.rel1.win32_1.0.0.202411081344/tools/bin/../lib/gcc/arm-none-eabi/13.3.1/../../../../arm-none-eabi/lib/thumb/v7e-m+fp/hard\libc_nano.a(libc_a-mallocr.o)
                0x2000a1bc                __malloc_free_list
 *(COMMON)
                0x2000a1c0                        . = ALIGN (0x4)
                0x2000a1c0                        _ebss = .
                0x2000a1c0                        __bss_end__ = _ebss

._user_heap_stack
                0x2000a1c0      0x600 load address 0x0802a2b4
                0x2000a1c0                        . = ALIGN (0x8)
                [!provide]                        PROVIDE (end = .)
                0x2000a1c0                        PROVIDE (_end = .)
                0x2000a3c0                        . = (. + _Min_Heap_Size)
 *fill*         0x2000a1c0      0x200 
                0x2000a7c0                        . = (. + _Min_Stack_Size)
 *fill*         0x2000a3c0      0x400 
                0x2000a7c0                        . = ALIGN (0x8)

/DISCARD/
 libc.a(*)
 libm.a(*)
 libgcc.a(*)

.ARM.attributes
                0x00000000       0x30
 *(.ARM.attributes)
 .ARM.attributes
                0x00000000       0x22 D:/st-stm32cubeide_1.19.0_25607_20250703_0907_x86_64.exe/workspace/STM32CubeIDE_1.19.0/STM32CubeIDE/plugins/com.st.stm32cube.ide.mcu.externaltools.gnu-tools-for-stm32.13.3.rel1.win32_1.0.0.202411081344/tools/bin/../lib/gcc/arm-none-eabi/13.3.1/thumb/v7e-m+fp/hard/crti.o
 .ARM.attributes
                0x00000022       0x34 D:/st-stm32cubeide_1.19.0_25607_20250703_0907_x86_64.exe/workspace/STM32CubeIDE_1.19.0/STM32CubeIDE/plugins/com.st.stm32cube.ide.mcu.externaltools.gnu-tools-for-stm32.13.3.rel1.win32_1.0.0.202411081344/tools/bin/../lib/gcc/arm-none-eabi/13.3.1/thumb/v7e-m+fp/hard/crtbegin.o
 .ARM.attributes
                0x00000056       0x34 ./Src/HTFT_Program.o
 .ARM.attributes
                0x0000008a       0x34 ./Src/MADC_Program.o
 .ARM.attributes
                0x000000be       0x34 ./Src/MGPIO_Program.o
 .ARM.attributes
                0x000000f2       0x34 ./Src/MRCC_Program.o
 .ARM.attributes
                0x00000126       0x34 ./Src/MSPI_Program.o
 .ARM.attributes
                0x0000015a       0x34 ./Src/MSYSTIC_Program.o
 .ARM.attributes
                0x0000018e       0x34 ./Src/MUSART_Program.o
 .ARM.attributes
                0x000001c2       0x34 ./Src/main.o
 .ARM.attributes
                0x000001f6       0x34 ./Src/sysmem.o
 .ARM.attributes
                0x0000022a       0x21 ./Startup/startup_stm32f401ccux.o
 .ARM.attributes
                0x0000024b       0x34 D:/st-stm32cubeide_1.19.0_25607_20250703_0907_x86_64.exe/workspace/STM32CubeIDE_1.19.0/STM32CubeIDE/plugins/com.st.stm32cube.ide.mcu.externaltools.gnu-tools-for-stm32.13.3.rel1.win32_1.0.0.202411081344/tools/bin/../lib/gcc/arm-none-eabi/13.3.1/../../../../arm-none-eabi/lib/thumb/v7e-m+fp/hard\libc_nano.a(libc_a-findfp.o)
 .ARM.attributes
                0x0000027f       0x34 D:/st-stm32cubeide_1.19.0_25607_20250703_0907_x86_64.exe/workspace/STM32CubeIDE_1.19.0/STM32CubeIDE/plugins/com.st.stm32cube.ide.mcu.externaltools.gnu-tools-for-stm32.13.3.rel1.win32_1.0.0.202411081344/tools/bin/../lib/gcc/arm-none-eabi/13.3.1/../../../../arm-none-eabi/lib/thumb/v7e-m+fp/hard\libc_nano.a(libc_a-sprintf.o)
 .ARM.attributes
                0x000002b3       0x34 D:/st-stm32cubeide_1.19.0_25607_20250703_0907_x86_64.exe/workspace/STM32CubeIDE_1.19.0/STM32CubeIDE/plugins/com.st.stm32cube.ide.mcu.externaltools.gnu-tools-for-stm32.13.3.rel1.win32_1.0.0.202411081344/tools/bin/../lib/gcc/arm-none-eabi/13.3.1/../../../../arm-none-eabi/lib/thumb/v7e-m+fp/hard\libc_nano.a(libc_a-reent.o)
 .ARM.attributes
                0x000002e7       0x34 D:/st-stm32cubeide_1.19.0_25607_20250703_0907_x86_64.exe/workspace/STM32CubeIDE_1.19.0/STM32CubeIDE/plugins/com.st.stm32cube.ide.mcu.externaltools.gnu-tools-for-stm32.13.3.rel1.win32_1.0.0.202411081344/tools/bin/../lib/gcc/arm-none-eabi/13.3.1/../../../../arm-none-eabi/lib/thumb/v7e-m+fp/hard\libc_nano.a(libc_a-impure.o)
 .ARM.attributes
                0x0000031b       0x34 D:/st-stm32cubeide_1.19.0_25607_20250703_0907_x86_64.exe/workspace/STM32CubeIDE_1.19.0/STM32CubeIDE/plugins/com.st.stm32cube.ide.mcu.externaltools.gnu-tools-for-stm32.13.3.rel1.win32_1.0.0.202411081344/tools/bin/../lib/gcc/arm-none-eabi/13.3.1/../../../../arm-none-eabi/lib/thumb/v7e-m+fp/hard\libc_nano.a(libc_a-errno.o)
 .ARM.attributes
                0x0000034f       0x34 D:/st-stm32cubeide_1.19.0_25607_20250703_0907_x86_64.exe/workspace/STM32CubeIDE_1.19.0/STM32CubeIDE/plugins/com.st.stm32cube.ide.mcu.externaltools.gnu-tools-for-stm32.13.3.rel1.win32_1.0.0.202411081344/tools/bin/../lib/gcc/arm-none-eabi/13.3.1/../../../../arm-none-eabi/lib/thumb/v7e-m+fp/hard\libc_nano.a(libc_a-init.o)
 .ARM.attributes
                0x00000383       0x34 D:/st-stm32cubeide_1.19.0_25607_20250703_0907_x86_64.exe/workspace/STM32CubeIDE_1.19.0/STM32CubeIDE/plugins/com.st.stm32cube.ide.mcu.externaltools.gnu-tools-for-stm32.13.3.rel1.win32_1.0.0.202411081344/tools/bin/../lib/gcc/arm-none-eabi/13.3.1/../../../../arm-none-eabi/lib/thumb/v7e-m+fp/hard\libc_nano.a(libc_a-lock.o)
 .ARM.attributes
                0x000003b7       0x34 D:/st-stm32cubeide_1.19.0_25607_20250703_0907_x86_64.exe/workspace/STM32CubeIDE_1.19.0/STM32CubeIDE/plugins/com.st.stm32cube.ide.mcu.externaltools.gnu-tools-for-stm32.13.3.rel1.win32_1.0.0.202411081344/tools/bin/../lib/gcc/arm-none-eabi/13.3.1/../../../../arm-none-eabi/lib/thumb/v7e-m+fp/hard\libc_nano.a(libc_a-freer.o)
 .ARM.attributes
                0x000003eb       0x34 D:/st-stm32cubeide_1.19.0_25607_20250703_0907_x86_64.exe/workspace/STM32CubeIDE_1.19.0/STM32CubeIDE/plugins/com.st.stm32cube.ide.mcu.externaltools.gnu-tools-for-stm32.13.3.rel1.win32_1.0.0.202411081344/tools/bin/../lib/gcc/arm-none-eabi/13.3.1/../../../../arm-none-eabi/lib/thumb/v7e-m+fp/hard\libc_nano.a(libc_a-mallocr.o)
 .ARM.attributes
                0x0000041f       0x34 D:/st-stm32cubeide_1.19.0_25607_20250703_0907_x86_64.exe/workspace/STM32CubeIDE_1.19.0/STM32CubeIDE/plugins/com.st.stm32cube.ide.mcu.externaltools.gnu-tools-for-stm32.13.3.rel1.win32_1.0.0.202411081344/tools/bin/../lib/gcc/arm-none-eabi/13.3.1/../../../../arm-none-eabi/lib/thumb/v7e-m+fp/hard\libc_nano.a(libc_a-mlock.o)
 .ARM.attributes
                0x00000453       0x34 D:/st-stm32cubeide_1.19.0_25607_20250703_0907_x86_64.exe/workspace/STM32CubeIDE_1.19.0/STM32CubeIDE/plugins/com.st.stm32cube.ide.mcu.externaltools.gnu-tools-for-stm32.13.3.rel1.win32_1.0.0.202411081344/tools/bin/../lib/gcc/arm-none-eabi/13.3.1/../../../../arm-none-eabi/lib/thumb/v7e-m+fp/hard\libc_nano.a(libc_a-nano-svfprintf.o)
 .ARM.attributes
                0x00000487       0x34 D:/st-stm32cubeide_1.19.0_25607_20250703_0907_x86_64.exe/workspace/STM32CubeIDE_1.19.0/STM32CubeIDE/plugins/com.st.stm32cube.ide.mcu.externaltools.gnu-tools-for-stm32.13.3.rel1.win32_1.0.0.202411081344/tools/bin/../lib/gcc/arm-none-eabi/13.3.1/../../../../arm-none-eabi/lib/thumb/v7e-m+fp/hard\libc_nano.a(libc_a-nano-vfprintf_i.o)
 .ARM.attributes
                0x000004bb       0x34 D:/st-stm32cubeide_1.19.0_25607_20250703_0907_x86_64.exe/workspace/STM32CubeIDE_1.19.0/STM32CubeIDE/plugins/com.st.stm32cube.ide.mcu.externaltools.gnu-tools-for-stm32.13.3.rel1.win32_1.0.0.202411081344/tools/bin/../lib/gcc/arm-none-eabi/13.3.1/../../../../arm-none-eabi/lib/thumb/v7e-m+fp/hard\libc_nano.a(libc_a-memmove.o)
 .ARM.attributes
                0x000004ef       0x34 D:/st-stm32cubeide_1.19.0_25607_20250703_0907_x86_64.exe/workspace/STM32CubeIDE_1.19.0/STM32CubeIDE/plugins/com.st.stm32cube.ide.mcu.externaltools.gnu-tools-for-stm32.13.3.rel1.win32_1.0.0.202411081344/tools/bin/../lib/gcc/arm-none-eabi/13.3.1/../../../../arm-none-eabi/lib/thumb/v7e-m+fp/hard\libc_nano.a(libc_a-sbrkr.o)
 .ARM.attributes
                0x00000523       0x1c D:/st-stm32cubeide_1.19.0_25607_20250703_0907_x86_64.exe/workspace/STM32CubeIDE_1.19.0/STM32CubeIDE/plugins/com.st.stm32cube.ide.mcu.externaltools.gnu-tools-for-stm32.13.3.rel1.win32_1.0.0.202411081344/tools/bin/../lib/gcc/arm-none-eabi/13.3.1/../../../../arm-none-eabi/lib/thumb/v7e-m+fp/hard\libc_nano.a(libc_a-memchr.o)
 .ARM.attributes
                0x0000053f       0x34 D:/st-stm32cubeide_1.19.0_25607_20250703_0907_x86_64.exe/workspace/STM32CubeIDE_1.19.0/STM32CubeIDE/plugins/com.st.stm32cube.ide.mcu.externaltools.gnu-tools-for-stm32.13.3.rel1.win32_1.0.0.202411081344/tools/bin/../lib/gcc/arm-none-eabi/13.3.1/../../../../arm-none-eabi/lib/thumb/v7e-m+fp/hard\libc_nano.a(libc_a-memcpy-stub.o)
 .ARM.attributes
                0x00000573       0x34 D:/st-stm32cubeide_1.19.0_25607_20250703_0907_x86_64.exe/workspace/STM32CubeIDE_1.19.0/STM32CubeIDE/plugins/com.st.stm32cube.ide.mcu.externaltools.gnu-tools-for-stm32.13.3.rel1.win32_1.0.0.202411081344/tools/bin/../lib/gcc/arm-none-eabi/13.3.1/../../../../arm-none-eabi/lib/thumb/v7e-m+fp/hard\libc_nano.a(libc_a-reallocr.o)
 .ARM.attributes
                0x000005a7       0x34 D:/st-stm32cubeide_1.19.0_25607_20250703_0907_x86_64.exe/workspace/STM32CubeIDE_1.19.0/STM32CubeIDE/plugins/com.st.stm32cube.ide.mcu.externaltools.gnu-tools-for-stm32.13.3.rel1.win32_1.0.0.202411081344/tools/bin/../lib/gcc/arm-none-eabi/13.3.1/../../../../arm-none-eabi/lib/thumb/v7e-m+fp/hard\libc_nano.a(libc_a-msizer.o)
 .ARM.attributes
                0x000005db       0x22 D:/st-stm32cubeide_1.19.0_25607_20250703_0907_x86_64.exe/workspace/STM32CubeIDE_1.19.0/STM32CubeIDE/plugins/com.st.stm32cube.ide.mcu.externaltools.gnu-tools-for-stm32.13.3.rel1.win32_1.0.0.202411081344/tools/bin/../lib/gcc/arm-none-eabi/13.3.1/thumb/v7e-m+fp/hard\libgcc.a(_arm_addsubdf3.o)
 .ARM.attributes
                0x000005fd       0x22 D:/st-stm32cubeide_1.19.0_25607_20250703_0907_x86_64.exe/workspace/STM32CubeIDE_1.19.0/STM32CubeIDE/plugins/com.st.stm32cube.ide.mcu.externaltools.gnu-tools-for-stm32.13.3.rel1.win32_1.0.0.202411081344/tools/bin/../lib/gcc/arm-none-eabi/13.3.1/thumb/v7e-m+fp/hard\libgcc.a(_arm_muldivdf3.o)
 .ARM.attributes
                0x0000061f       0x22 D:/st-stm32cubeide_1.19.0_25607_20250703_0907_x86_64.exe/workspace/STM32CubeIDE_1.19.0/STM32CubeIDE/plugins/com.st.stm32cube.ide.mcu.externaltools.gnu-tools-for-stm32.13.3.rel1.win32_1.0.0.202411081344/tools/bin/../lib/gcc/arm-none-eabi/13.3.1/thumb/v7e-m+fp/hard\libgcc.a(_arm_fixunsdfsi.o)
 .ARM.attributes
                0x00000641       0x22 D:/st-stm32cubeide_1.19.0_25607_20250703_0907_x86_64.exe/workspace/STM32CubeIDE_1.19.0/STM32CubeIDE/plugins/com.st.stm32cube.ide.mcu.externaltools.gnu-tools-for-stm32.13.3.rel1.win32_1.0.0.202411081344/tools/bin/../lib/gcc/arm-none-eabi/13.3.1/thumb/v7e-m+fp/hard/crtn.o
OUTPUT(ArmGradProject.elf elf32-littlearm)
LOAD linker stubs
LOAD D:/st-stm32cubeide_1.19.0_25607_20250703_0907_x86_64.exe/workspace/STM32CubeIDE_1.19.0/STM32CubeIDE/plugins/com.st.stm32cube.ide.mcu.externaltools.gnu-tools-for-stm32.13.3.rel1.win32_1.0.0.202411081344/tools/bin/../lib/gcc/arm-none-eabi/13.3.1/../../../../arm-none-eabi/lib/thumb/v7e-m+fp/hard\libc.a
LOAD D:/st-stm32cubeide_1.19.0_25607_20250703_0907_x86_64.exe/workspace/STM32CubeIDE_1.19.0/STM32CubeIDE/plugins/com.st.stm32cube.ide.mcu.externaltools.gnu-tools-for-stm32.13.3.rel1.win32_1.0.0.202411081344/tools/bin/../lib/gcc/arm-none-eabi/13.3.1/../../../../arm-none-eabi/lib/thumb/v7e-m+fp/hard\libm.a
LOAD D:/st-stm32cubeide_1.19.0_25607_20250703_0907_x86_64.exe/workspace/STM32CubeIDE_1.19.0/STM32CubeIDE/plugins/com.st.stm32cube.ide.mcu.externaltools.gnu-tools-for-stm32.13.3.rel1.win32_1.0.0.202411081344/tools/bin/../lib/gcc/arm-none-eabi/13.3.1/thumb/v7e-m+fp/hard\libgcc.a

.debug_info     0x00000000     0x187c
 .debug_info    0x00000000      0x2fb ./Src/HTFT_Program.o
 .debug_info    0x000002fb      0x1be ./Src/MADC_Program.o
 .debug_info    0x000004b9      0x49a ./Src/MGPIO_Program.o
 .debug_info    0x00000953      0x2bf ./Src/MRCC_Program.o
 .debug_info    0x00000c12      0x138 ./Src/MSPI_Program.o
 .debug_info    0x00000d4a      0x260 ./Src/MSYSTIC_Program.o
 .debug_info    0x00000faa      0x26b ./Src/MUSART_Program.o
 .debug_info    0x00001215      0x4cf ./Src/main.o
 .debug_info    0x000016e4      0x168 ./Src/sysmem.o
 .debug_info    0x0000184c       0x30 ./Startup/startup_stm32f401ccux.o

.debug_abbrev   0x00000000      0x9c0
 .debug_abbrev  0x00000000      0x120 ./Src/HTFT_Program.o
 .debug_abbrev  0x00000120       0xcd ./Src/MADC_Program.o
 .debug_abbrev  0x000001ed      0x114 ./Src/MGPIO_Program.o
 .debug_abbrev  0x00000301       0xeb ./Src/MRCC_Program.o
 .debug_abbrev  0x000003ec       0xbd ./Src/MSPI_Program.o
 .debug_abbrev  0x000004a9      0x15f ./Src/MSYSTIC_Program.o
 .debug_abbrev  0x00000608      0x148 ./Src/MUSART_Program.o
 .debug_abbrev  0x00000750      0x190 ./Src/main.o
 .debug_abbrev  0x000008e0       0xbc ./Src/sysmem.o
 .debug_abbrev  0x0000099c       0x24 ./Startup/startup_stm32f401ccux.o

.debug_aranges  0x00000000      0x230
 .debug_aranges
                0x00000000       0x38 ./Src/HTFT_Program.o
 .debug_aranges
                0x00000038       0x28 ./Src/MADC_Program.o
 .debug_aranges
                0x00000060       0x50 ./Src/MGPIO_Program.o
 .debug_aranges
                0x000000b0       0x30 ./Src/MRCC_Program.o
 .debug_aranges
                0x000000e0       0x30 ./Src/MSPI_Program.o
 .debug_aranges
                0x00000110       0x70 ./Src/MSYSTIC_Program.o
 .debug_aranges
                0x00000180       0x40 ./Src/MUSART_Program.o
 .debug_aranges
                0x000001c0       0x28 ./Src/main.o
 .debug_aranges
                0x000001e8       0x20 ./Src/sysmem.o
 .debug_aranges
                0x00000208       0x28 ./Startup/startup_stm32f401ccux.o

.debug_rnglists
                0x00000000      0x17e
 .debug_rnglists
                0x00000000       0x27 ./Src/HTFT_Program.o
 .debug_rnglists
                0x00000027       0x19 ./Src/MADC_Program.o
 .debug_rnglists
                0x00000040       0x3e ./Src/MGPIO_Program.o
 .debug_rnglists
                0x0000007e       0x21 ./Src/MRCC_Program.o
 .debug_rnglists
                0x0000009f       0x1f ./Src/MSPI_Program.o
 .debug_rnglists
                0x000000be       0x4f ./Src/MSYSTIC_Program.o
 .debug_rnglists
                0x0000010d       0x2b ./Src/MUSART_Program.o
 .debug_rnglists
                0x00000138       0x1a ./Src/main.o
 .debug_rnglists
                0x00000152       0x13 ./Src/sysmem.o
 .debug_rnglists
                0x00000165       0x19 ./Startup/startup_stm32f401ccux.o

.debug_macro    0x00000000     0x13ca
 .debug_macro   0x00000000       0x5d ./Src/HTFT_Program.o
 .debug_macro   0x0000005d      0xade ./Src/HTFT_Program.o
 .debug_macro   0x00000b3b       0x10 ./Src/HTFT_Program.o
 .debug_macro   0x00000b4b       0x22 ./Src/HTFT_Program.o
 .debug_macro   0x00000b6d       0x3a ./Src/HTFT_Program.o
 .debug_macro   0x00000ba7       0x4c ./Src/HTFT_Program.o
 .debug_macro   0x00000bf3       0x40 ./Src/MADC_Program.o
 .debug_macro   0x00000c33       0x34 ./Src/MADC_Program.o
 .debug_macro   0x00000c67       0x36 ./Src/MGPIO_Program.o
 .debug_macro   0x00000c9d       0x3a ./Src/MGPIO_Program.o
 .debug_macro   0x00000cd7       0x3e ./Src/MRCC_Program.o
 .debug_macro   0x00000d15       0xd0 ./Src/MRCC_Program.o
 .debug_macro   0x00000de5       0x82 ./Src/MRCC_Program.o
 .debug_macro   0x00000e67       0x16 ./Src/MRCC_Program.o
 .debug_macro   0x00000e7d       0x36 ./Src/MSPI_Program.o
 .debug_macro   0x00000eb3       0x64 ./Src/MSPI_Program.o
 .debug_macro   0x00000f17       0x3f ./Src/MSYSTIC_Program.o
 .debug_macro   0x00000f56       0x3a ./Src/MSYSTIC_Program.o
 .debug_macro   0x00000f90       0x10 ./Src/MSYSTIC_Program.o
 .debug_macro   0x00000fa0       0x36 ./Src/MUSART_Program.o
 .debug_macro   0x00000fd6       0x22 ./Src/MUSART_Program.o
 .debug_macro   0x00000ff8       0x84 ./Src/main.o
 .debug_macro   0x0000107c      0x112 ./Src/sysmem.o
 .debug_macro   0x0000118e      0x23c ./Src/sysmem.o

.debug_line     0x00000000     0x1716
 .debug_line    0x00000000      0x17a ./Src/HTFT_Program.o
 .debug_line    0x0000017a      0x109 ./Src/MADC_Program.o
 .debug_line    0x00000283      0x544 ./Src/MGPIO_Program.o
 .debug_line    0x000007c7      0x182 ./Src/MRCC_Program.o
 .debug_line    0x00000949      0x13e ./Src/MSPI_Program.o
 .debug_line    0x00000a87      0x20e ./Src/MSYSTIC_Program.o
 .debug_line    0x00000c95      0x175 ./Src/MUSART_Program.o
 .debug_line    0x00000e0a      0x181 ./Src/main.o
 .debug_line    0x00000f8b      0x710 ./Src/sysmem.o
 .debug_line    0x0000169b       0x7b ./Startup/startup_stm32f401ccux.o

.debug_str      0x00000000     0x8782
 .debug_str     0x00000000     0x8782 ./Src/HTFT_Program.o
                               0x3371 (size before relaxing)
 .debug_str     0x00008782     0x3102 ./Src/MADC_Program.o
 .debug_str     0x00008782     0x339e ./Src/MGPIO_Program.o
 .debug_str     0x00008782     0x33c0 ./Src/MRCC_Program.o
 .debug_str     0x00008782     0x3113 ./Src/MSPI_Program.o
 .debug_str     0x00008782     0x324b ./Src/MSYSTIC_Program.o
 .debug_str     0x00008782     0x3139 ./Src/MUSART_Program.o
 .debug_str     0x00008782     0x3497 ./Src/main.o
 .debug_str     0x00008782     0x7798 ./Src/sysmem.o
 .debug_str     0x00008782       0x97 ./Startup/startup_stm32f401ccux.o

.comment        0x00000000       0x43
 .comment       0x00000000       0x43 ./Src/HTFT_Program.o
                                 0x44 (size before relaxing)
 .comment       0x00000043       0x44 ./Src/MADC_Program.o
 .comment       0x00000043       0x44 ./Src/MGPIO_Program.o
 .comment       0x00000043       0x44 ./Src/MRCC_Program.o
 .comment       0x00000043       0x44 ./Src/MSPI_Program.o
 .comment       0x00000043       0x44 ./Src/MSYSTIC_Program.o
 .comment       0x00000043       0x44 ./Src/MUSART_Program.o
 .comment       0x00000043       0x44 ./Src/main.o
 .comment       0x00000043       0x44 ./Src/sysmem.o

.debug_frame    0x00000000      0xc74
 .debug_frame   0x00000000       0x98 ./Src/HTFT_Program.o
 .debug_frame   0x00000098       0x58 ./Src/MADC_Program.o
 .debug_frame   0x000000f0      0x12c ./Src/MGPIO_Program.o
 .debug_frame   0x0000021c       0x80 ./Src/MRCC_Program.o
 .debug_frame   0x0000029c       0x78 ./Src/MSPI_Program.o
 .debug_frame   0x00000314      0x18c ./Src/MSYSTIC_Program.o
 .debug_frame   0x000004a0       0xc0 ./Src/MUSART_Program.o
 .debug_frame   0x00000560       0x54 ./Src/main.o
 .debug_frame   0x000005b4       0x34 ./Src/sysmem.o
 .debug_frame   0x000005e8      0x144 D:/st-stm32cubeide_1.19.0_25607_20250703_0907_x86_64.exe/workspace/STM32CubeIDE_1.19.0/STM32CubeIDE/plugins/com.st.stm32cube.ide.mcu.externaltools.gnu-tools-for-stm32.13.3.rel1.win32_1.0.0.202411081344/tools/bin/../lib/gcc/arm-none-eabi/13.3.1/../../../../arm-none-eabi/lib/thumb/v7e-m+fp/hard\libc_nano.a(libc_a-findfp.o)
 .debug_frame   0x0000072c       0x74 D:/st-stm32cubeide_1.19.0_25607_20250703_0907_x86_64.exe/workspace/STM32CubeIDE_1.19.0/STM32CubeIDE/plugins/com.st.stm32cube.ide.mcu.externaltools.gnu-tools-for-stm32.13.3.rel1.win32_1.0.0.202411081344/tools/bin/../lib/gcc/arm-none-eabi/13.3.1/../../../../arm-none-eabi/lib/thumb/v7e-m+fp/hard\libc_nano.a(libc_a-sprintf.o)
 .debug_frame   0x000007a0       0x38 D:/st-stm32cubeide_1.19.0_25607_20250703_0907_x86_64.exe/workspace/STM32CubeIDE_1.19.0/STM32CubeIDE/plugins/com.st.stm32cube.ide.mcu.externaltools.gnu-tools-for-stm32.13.3.rel1.win32_1.0.0.202411081344/tools/bin/../lib/gcc/arm-none-eabi/13.3.1/../../../../arm-none-eabi/lib/thumb/v7e-m+fp/hard\libc_nano.a(libc_a-reent.o)
 .debug_frame   0x000007d8       0x20 D:/st-stm32cubeide_1.19.0_25607_20250703_0907_x86_64.exe/workspace/STM32CubeIDE_1.19.0/STM32CubeIDE/plugins/com.st.stm32cube.ide.mcu.externaltools.gnu-tools-for-stm32.13.3.rel1.win32_1.0.0.202411081344/tools/bin/../lib/gcc/arm-none-eabi/13.3.1/../../../../arm-none-eabi/lib/thumb/v7e-m+fp/hard\libc_nano.a(libc_a-errno.o)
 .debug_frame   0x000007f8       0x2c D:/st-stm32cubeide_1.19.0_25607_20250703_0907_x86_64.exe/workspace/STM32CubeIDE_1.19.0/STM32CubeIDE/plugins/com.st.stm32cube.ide.mcu.externaltools.gnu-tools-for-stm32.13.3.rel1.win32_1.0.0.202411081344/tools/bin/../lib/gcc/arm-none-eabi/13.3.1/../../../../arm-none-eabi/lib/thumb/v7e-m+fp/hard\libc_nano.a(libc_a-init.o)
 .debug_frame   0x00000824       0xb0 D:/st-stm32cubeide_1.19.0_25607_20250703_0907_x86_64.exe/workspace/STM32CubeIDE_1.19.0/STM32CubeIDE/plugins/com.st.stm32cube.ide.mcu.externaltools.gnu-tools-for-stm32.13.3.rel1.win32_1.0.0.202411081344/tools/bin/../lib/gcc/arm-none-eabi/13.3.1/../../../../arm-none-eabi/lib/thumb/v7e-m+fp/hard\libc_nano.a(libc_a-lock.o)
 .debug_frame   0x000008d4       0x38 D:/st-stm32cubeide_1.19.0_25607_20250703_0907_x86_64.exe/workspace/STM32CubeIDE_1.19.0/STM32CubeIDE/plugins/com.st.stm32cube.ide.mcu.externaltools.gnu-tools-for-stm32.13.3.rel1.win32_1.0.0.202411081344/tools/bin/../lib/gcc/arm-none-eabi/13.3.1/../../../../arm-none-eabi/lib/thumb/v7e-m+fp/hard\libc_nano.a(libc_a-freer.o)
 .debug_frame   0x0000090c       0x50 D:/st-stm32cubeide_1.19.0_25607_20250703_0907_x86_64.exe/workspace/STM32CubeIDE_1.19.0/STM32CubeIDE/plugins/com.st.stm32cube.ide.mcu.externaltools.gnu-tools-for-stm32.13.3.rel1.win32_1.0.0.202411081344/tools/bin/../lib/gcc/arm-none-eabi/13.3.1/../../../../arm-none-eabi/lib/thumb/v7e-m+fp/hard\libc_nano.a(libc_a-mallocr.o)
 .debug_frame   0x0000095c       0x30 D:/st-stm32cubeide_1.19.0_25607_20250703_0907_x86_64.exe/workspace/STM32CubeIDE_1.19.0/STM32CubeIDE/plugins/com.st.stm32cube.ide.mcu.externaltools.gnu-tools-for-stm32.13.3.rel1.win32_1.0.0.202411081344/tools/bin/../lib/gcc/arm-none-eabi/13.3.1/../../../../arm-none-eabi/lib/thumb/v7e-m+fp/hard\libc_nano.a(libc_a-mlock.o)
 .debug_frame   0x0000098c       0x90 D:/st-stm32cubeide_1.19.0_25607_20250703_0907_x86_64.exe/workspace/STM32CubeIDE_1.19.0/STM32CubeIDE/plugins/com.st.stm32cube.ide.mcu.externaltools.gnu-tools-for-stm32.13.3.rel1.win32_1.0.0.202411081344/tools/bin/../lib/gcc/arm-none-eabi/13.3.1/../../../../arm-none-eabi/lib/thumb/v7e-m+fp/hard\libc_nano.a(libc_a-nano-svfprintf.o)
 .debug_frame   0x00000a1c       0x60 D:/st-stm32cubeide_1.19.0_25607_20250703_0907_x86_64.exe/workspace/STM32CubeIDE_1.19.0/STM32CubeIDE/plugins/com.st.stm32cube.ide.mcu.externaltools.gnu-tools-for-stm32.13.3.rel1.win32_1.0.0.202411081344/tools/bin/../lib/gcc/arm-none-eabi/13.3.1/../../../../arm-none-eabi/lib/thumb/v7e-m+fp/hard\libc_nano.a(libc_a-nano-vfprintf_i.o)
 .debug_frame   0x00000a7c       0x28 D:/st-stm32cubeide_1.19.0_25607_20250703_0907_x86_64.exe/workspace/STM32CubeIDE_1.19.0/STM32CubeIDE/plugins/com.st.stm32cube.ide.mcu.externaltools.gnu-tools-for-stm32.13.3.rel1.win32_1.0.0.202411081344/tools/bin/../lib/gcc/arm-none-eabi/13.3.1/../../../../arm-none-eabi/lib/thumb/v7e-m+fp/hard\libc_nano.a(libc_a-memmove.o)
 .debug_frame   0x00000aa4       0x2c D:/st-stm32cubeide_1.19.0_25607_20250703_0907_x86_64.exe/workspace/STM32CubeIDE_1.19.0/STM32CubeIDE/plugins/com.st.stm32cube.ide.mcu.externaltools.gnu-tools-for-stm32.13.3.rel1.win32_1.0.0.202411081344/tools/bin/../lib/gcc/arm-none-eabi/13.3.1/../../../../arm-none-eabi/lib/thumb/v7e-m+fp/hard\libc_nano.a(libc_a-sbrkr.o)
 .debug_frame   0x00000ad0       0x28 D:/st-stm32cubeide_1.19.0_25607_20250703_0907_x86_64.exe/workspace/STM32CubeIDE_1.19.0/STM32CubeIDE/plugins/com.st.stm32cube.ide.mcu.externaltools.gnu-tools-for-stm32.13.3.rel1.win32_1.0.0.202411081344/tools/bin/../lib/gcc/arm-none-eabi/13.3.1/../../../../arm-none-eabi/lib/thumb/v7e-m+fp/hard\libc_nano.a(libc_a-memcpy-stub.o)
 .debug_frame   0x00000af8       0x3c D:/st-stm32cubeide_1.19.0_25607_20250703_0907_x86_64.exe/workspace/STM32CubeIDE_1.19.0/STM32CubeIDE/plugins/com.st.stm32cube.ide.mcu.externaltools.gnu-tools-for-stm32.13.3.rel1.win32_1.0.0.202411081344/tools/bin/../lib/gcc/arm-none-eabi/13.3.1/../../../../arm-none-eabi/lib/thumb/v7e-m+fp/hard\libc_nano.a(libc_a-reallocr.o)
 .debug_frame   0x00000b34       0x20 D:/st-stm32cubeide_1.19.0_25607_20250703_0907_x86_64.exe/workspace/STM32CubeIDE_1.19.0/STM32CubeIDE/plugins/com.st.stm32cube.ide.mcu.externaltools.gnu-tools-for-stm32.13.3.rel1.win32_1.0.0.202411081344/tools/bin/../lib/gcc/arm-none-eabi/13.3.1/../../../../arm-none-eabi/lib/thumb/v7e-m+fp/hard\libc_nano.a(libc_a-msizer.o)
 .debug_frame   0x00000b54       0xac D:/st-stm32cubeide_1.19.0_25607_20250703_0907_x86_64.exe/workspace/STM32CubeIDE_1.19.0/STM32CubeIDE/plugins/com.st.stm32cube.ide.mcu.externaltools.gnu-tools-for-stm32.13.3.rel1.win32_1.0.0.202411081344/tools/bin/../lib/gcc/arm-none-eabi/13.3.1/thumb/v7e-m+fp/hard\libgcc.a(_arm_addsubdf3.o)
 .debug_frame   0x00000c00       0x50 D:/st-stm32cubeide_1.19.0_25607_20250703_0907_x86_64.exe/workspace/STM32CubeIDE_1.19.0/STM32CubeIDE/plugins/com.st.stm32cube.ide.mcu.externaltools.gnu-tools-for-stm32.13.3.rel1.win32_1.0.0.202411081344/tools/bin/../lib/gcc/arm-none-eabi/13.3.1/thumb/v7e-m+fp/hard\libgcc.a(_arm_muldivdf3.o)
 .debug_frame   0x00000c50       0x24 D:/st-stm32cubeide_1.19.0_25607_20250703_0907_x86_64.exe/workspace/STM32CubeIDE_1.19.0/STM32CubeIDE/plugins/com.st.stm32cube.ide.mcu.externaltools.gnu-tools-for-stm32.13.3.rel1.win32_1.0.0.202411081344/tools/bin/../lib/gcc/arm-none-eabi/13.3.1/thumb/v7e-m+fp/hard\libgcc.a(_arm_fixunsdfsi.o)

.debug_line_str
                0x00000000       0x7b
 .debug_line_str
                0x00000000       0x7b ./Startup/startup_stm32f401ccux.o
