../Src/MSYSTIC_Program.c:12:6:MSTK_voidInit	4	static
../Src/MSYSTIC_Program.c:22:6:MSTK_voidStartTimer	16	static
../Src/MSYSTIC_Program.c:28:6:MSTK_voidCtrlIntState	16	static
../Src/MSYSTIC_Program.c:32:4:MSTK_u8ReadFlag	4	static
../Src/MSYSTIC_Program.c:37:5:MSTK_u32GetElapsedTickSingleShot	4	static
../Src/MSYSTIC_Program.c:41:5:MSTK_u32GetRemainingTickSingleShot	4	static
../Src/MSYSTIC_Program.c:46:6:MSTK_voidDelayms	16	static
../Src/MSYSTIC_Program.c:53:6:MSTK_voidDelayus	16	static
../Src/MSYSTIC_Program.c:61:6:MSTK_voidCallBack	16	static
../Src/MSYSTIC_Program.c:68:6:MSTK_voidCallBackSingle	16	static
../Src/MSYSTIC_Program.c:75:6:SysTick_Handler	8	static
